kotlin\src\test\kotlin\ini\QueryTest.kt:45:14: error: unresolved reference 'bind'.
            .bind(capabilities())
             ^^^^
kotlin\src\test\kotlin\ini\QueryTest.kt:180:14: error: unresolved reference 'bind'.
            .bind(capabilities())
             ^^^^
kotlin\src\test\kotlin\ini\QueryTest.kt:232:14: error: unresolved reference 'bind'.
            .bind(capabilities())
             ^^^^
kotlin\src\test\kotlin\properties\ProjectionTest.kt:38:31: error: unresolved reference 'project'.
        val result = document.project(ProjectionRequest.bestExactEntryMapping())
                              ^^^^^^^
kotlin\src\test\kotlin\properties\ProjectionTest.kt:80:33: error: unresolved reference 'project'.
        val rejected = document.project(
                                ^^^^^^^
kotlin\src\test\kotlin\properties\ProjectionTest.kt:88:30: error: unresolved reference 'project'.
        val first = document.project(
                             ^^^^^^^
kotlin\src\test\kotlin\properties\ProjectionTest.kt:107:29: error: unresolved reference 'project'.
        val last = document.project(
                            ^^^^^^^
kotlin\src\test\kotlin\properties\ProjectionTest.kt:128:31: error: unresolved reference 'project'.
        val failed = unpaired.project(
                              ^^^^^^^
kotlin\src\test\kotlin\properties\ProjectionTest.kt:142:41: error: unresolved reference 'project'.
        val recoveredFailed = recovered.project(
                                        ^^^^^^^
kotlin\src\test\kotlin\properties\ProjectionTest.kt:168:35: error: unresolved reference 'project'.
            val failed = complete.project(
                                  ^^^^^^^
kotlin\src\test\kotlin\properties\ProjectionTest.kt:182:39: error: unresolved reference 'project'.
        val reportLimited = duplicate.project(
                                      ^^^^^^^
